<testsuites id="" name="" tests="1" failures="0" skipped="0" errors="0" time="20.655446">
<testsuite name="uiPlayground.spec.js" timestamp="2025-12-30T20:57:46.004Z" hostname="chromium" tests="1" failures="0" skipped="0" time="18.699" errors="0">
<testcase name="UI Playground - Explore + Basic Elements › verify page heading and interact with basic elements" classname="uiPlayground.spec.js" time="18.699">
<system-out>
<![CDATA[[36m[INFO][0m 2025-12-30T20:57:48.109Z: Setting up practiceSitePage fixture
[36m[INFO][0m 2025-12-30T20:57:48.110Z: Navigating to https://testerbud.com/
[32m[SUCCESS][0m 2025-12-30T20:57:59.747Z: Homepage loaded successfully
[36m[INFO][0m 2025-12-30T20:57:59.748Z: Selecting practice site at index 6
[36m[INFO][0m 2025-12-30T20:57:59.748Z: Opening practice sites dropdown
[32m[SUCCESS][0m 2025-12-30T20:58:04.082Z: Successfully navigated to practice site 6
[36m[INFO][0m 2025-12-30T20:58:06.342Z: Fixture teardown completed
]]>
</system-out>
</testcase>
</testsuite>
</testsuites>